SQL> SELECT *
  2  FROM EMP;

     EMPNO ENAME      JOB              MGR HIREDATE         SAL       COMM     DEPTNO                                                                                                                   
---------- ---------- --------- ---------- --------- ---------- ---------- ----------                                                                                                                   
      7369 SMITH      CLERK           7902 17-DEC-80        800                    20                                                                                                                   
      7499 ALLEN      SALESMAN        7698 20-FEB-81       1600        300         30                                                                                                                   
      7521 WARD       SALESMAN        7698 22-FEB-81       1250        500         30                                                                                                                   
      7566 JONES      MANAGER         7839 02-APR-81       2975                    20                                                                                                                   
      7654 MARTIN     SALESMAN        7698 28-SEP-81       1250       1400         30                                                                                                                   
      7698 BLAKE      MANAGER         7839 01-MAY-81       2850                    30                                                                                                                   
      7782 CLARK      MANAGER         7839 09-JUN-81       2450                    10                                                                                                                   
      7788 SCOTT      ANALYST         7566 19-APR-87       3000                    20                                                                                                                   
      7839 KING       PRESIDENT            17-NOV-81       5000                    10                                                                                                                   
      7844 TURNER     SALESMAN        7698 08-SEP-81       1500          0         30                                                                                                                   
      7876 ADAMS      CLERK           7788 23-MAY-87       1100                    20                                                                                                                   
      7900 JAMES      CLERK           7698 03-DEC-81        950                    30                                                                                                                   
      7902 FORD       ANALYST         7566 03-DEC-81       3000                    20                                                                                                                   
      7934 MILLER     CLERK           7782 23-JAN-82       1300                    10                                                                                                                   

14 rows selected.

SQL> SELECT EMP.*,SAL*12
  2  FROM EMP;

     EMPNO ENAME      JOB              MGR HIREDATE         SAL       COMM     DEPTNO     SAL*12                                                                                                        
---------- ---------- --------- ---------- --------- ---------- ---------- ---------- ----------                                                                                                        
      7369 SMITH      CLERK           7902 17-DEC-80        800                    20       9600                                                                                                        
      7499 ALLEN      SALESMAN        7698 20-FEB-81       1600        300         30      19200                                                                                                        
      7521 WARD       SALESMAN        7698 22-FEB-81       1250        500         30      15000                                                                                                        
      7566 JONES      MANAGER         7839 02-APR-81       2975                    20      35700                                                                                                        
      7654 MARTIN     SALESMAN        7698 28-SEP-81       1250       1400         30      15000                                                                                                        
      7698 BLAKE      MANAGER         7839 01-MAY-81       2850                    30      34200                                                                                                        
      7782 CLARK      MANAGER         7839 09-JUN-81       2450                    10      29400                                                                                                        
      7788 SCOTT      ANALYST         7566 19-APR-87       3000                    20      36000                                                                                                        
      7839 KING       PRESIDENT            17-NOV-81       5000                    10      60000                                                                                                        
      7844 TURNER     SALESMAN        7698 08-SEP-81       1500          0         30      18000                                                                                                        
      7876 ADAMS      CLERK           7788 23-MAY-87       1100                    20      13200                                                                                                        
      7900 JAMES      CLERK           7698 03-DEC-81        950                    30      11400                                                                                                        
      7902 FORD       ANALYST         7566 03-DEC-81       3000                    20      36000                                                                                                        
      7934 MILLER     CLERK           7782 23-JAN-82       1300                    10      15600                                                                                                        

14 rows selected.

SQL> SELECT ENAME,JOB,SAL*6
  2  FROM EMP;

ENAME      JOB            SAL*6                                                                                                                                                                         
---------- --------- ----------                                                                                                                                                                         
SMITH      CLERK           4800                                                                                                                                                                         
ALLEN      SALESMAN        9600                                                                                                                                                                         
WARD       SALESMAN        7500                                                                                                                                                                         
JONES      MANAGER        17850                                                                                                                                                                         
MARTIN     SALESMAN        7500                                                                                                                                                                         
BLAKE      MANAGER        17100                                                                                                                                                                         
CLARK      MANAGER        14700                                                                                                                                                                         
SCOTT      ANALYST        18000                                                                                                                                                                         
KING       PRESIDENT      30000                                                                                                                                                                         
TURNER     SALESMAN        9000                                                                                                                                                                         
ADAMS      CLERK           6600                                                                                                                                                                         
JAMES      CLERK           5700                                                                                                                                                                         
FORD       ANALYST        18000                                                                                                                                                                         
MILLER     CLERK           7800                                                                                                                                                                         

14 rows selected.

SQL> SELECT EMP.*,(SAL+12)+2000
  2  FROM EMP;

     EMPNO ENAME      JOB              MGR HIREDATE         SAL       COMM     DEPTNO (SAL+12)+2000                                                                                                     
---------- ---------- --------- ---------- --------- ---------- ---------- ---------- -------------                                                                                                     
      7369 SMITH      CLERK           7902 17-DEC-80        800                    20          2812                                                                                                     
      7499 ALLEN      SALESMAN        7698 20-FEB-81       1600        300         30          3612                                                                                                     
      7521 WARD       SALESMAN        7698 22-FEB-81       1250        500         30          3262                                                                                                     
      7566 JONES      MANAGER         7839 02-APR-81       2975                    20          4987                                                                                                     
      7654 MARTIN     SALESMAN        7698 28-SEP-81       1250       1400         30          3262                                                                                                     
      7698 BLAKE      MANAGER         7839 01-MAY-81       2850                    30          4862                                                                                                     
      7782 CLARK      MANAGER         7839 09-JUN-81       2450                    10          4462                                                                                                     
      7788 SCOTT      ANALYST         7566 19-APR-87       3000                    20          5012                                                                                                     
      7839 KING       PRESIDENT            17-NOV-81       5000                    10          7012                                                                                                     
      7844 TURNER     SALESMAN        7698 08-SEP-81       1500          0         30          3512                                                                                                     
      7876 ADAMS      CLERK           7788 23-MAY-87       1100                    20          3112                                                                                                     
      7900 JAMES      CLERK           7698 03-DEC-81        950                    30          2962                                                                                                     
      7902 FORD       ANALYST         7566 03-DEC-81       3000                    20          5012                                                                                                     
      7934 MILLER     CLERK           7782 23-JAN-82       1300                    10          3312                                                                                                     

14 rows selected.

SQL> SELECT ENAME ,SAL+(SAL*12)/100
  2  FROM EMP;

ENAME      SAL+(SAL*12)/100                                                                                                                                                                             
---------- ----------------                                                                                                                                                                             
SMITH                   896                                                                                                                                                                             
ALLEN                  1792                                                                                                                                                                             
WARD                   1400                                                                                                                                                                             
JONES                  3332                                                                                                                                                                             
MARTIN                 1400                                                                                                                                                                             
BLAKE                  3192                                                                                                                                                                             
CLARK                  2744                                                                                                                                                                             
SCOTT                  3360                                                                                                                                                                             
KING                   5600                                                                                                                                                                             
TURNER                 1680                                                                                                                                                                             
ADAMS                  1232                                                                                                                                                                             
JAMES                  1064                                                                                                                                                                             
FORD                   3360                                                                                                                                                                             
MILLER                 1456                                                                                                                                                                             

14 rows selected.

SQL> SELECT ENAME,SAL-(SAL*12)/100
  2  FROM EMP;

ENAME      SAL-(SAL*12)/100                                                                                                                                                                             
---------- ----------------                                                                                                                                                                             
SMITH                   704                                                                                                                                                                             
ALLEN                  1408                                                                                                                                                                             
WARD                   1100                                                                                                                                                                             
JONES                  2618                                                                                                                                                                             
MARTIN                 1100                                                                                                                                                                             
BLAKE                  2508                                                                                                                                                                             
CLARK                  2156                                                                                                                                                                             
SCOTT                  2640                                                                                                                                                                             
KING                   4400                                                                                                                                                                             
TURNER                 1320                                                                                                                                                                             
ADAMS                   968                                                                                                                                                                             
JAMES                   836                                                                                                                                                                             
FORD                   2640                                                                                                                                                                             
MILLER                 1144                                                                                                                                                                             

14 rows selected.

SQL> SELECT ENAME,SAL+50
  2  FROM EMP;

ENAME          SAL+50                                                                                                                                                                                   
---------- ----------                                                                                                                                                                                   
SMITH             850                                                                                                                                                                                   
ALLEN            1650                                                                                                                                                                                   
WARD             1300                                                                                                                                                                                   
JONES            3025                                                                                                                                                                                   
MARTIN           1300                                                                                                                                                                                   
BLAKE            2900                                                                                                                                                                                   
CLARK            2500                                                                                                                                                                                   
SCOTT            3050                                                                                                                                                                                   
KING             5050                                                                                                                                                                                   
TURNER           1550                                                                                                                                                                                   
ADAMS            1150                                                                                                                                                                                   
JAMES            1000                                                                                                                                                                                   
FORD             3050                                                                                                                                                                                   
MILLER           1350                                                                                                                                                                                   

14 rows selected.

SQL> SELECT SAL*12-((SAL*12)*0.1)
  2  FROM EMP;

SAL*12-((SAL*12)*0.1)                                                                                                                                                                                   
---------------------                                                                                                                                                                                   
                 8640                                                                                                                                                                                   
                17280                                                                                                                                                                                   
                13500                                                                                                                                                                                   
                32130                                                                                                                                                                                   
                13500                                                                                                                                                                                   
                30780                                                                                                                                                                                   
                26460                                                                                                                                                                                   
                32400                                                                                                                                                                                   
                54000                                                                                                                                                                                   
                16200                                                                                                                                                                                   
                11880                                                                                                                                                                                   
                10260                                                                                                                                                                                   
                32400                                                                                                                                                                                   
                14040                                                                                                                                                                                   

14 rows selected.

SQL> SELECT EMP.*,(SAL+COM)
  2  FROM EMP;
SELECT EMP.*,(SAL+COM)
                  *
ERROR at line 1:
ORA-00904: "COM": invalid identifier 


SQL> EDIT
Wrote file afiedt.buf

  1  SELECT EMP.*,(SAL+COMM)
  2* FROM EMP
SQL> /

     EMPNO ENAME      JOB              MGR HIREDATE         SAL       COMM     DEPTNO (SAL+COMM)                                                                                                        
---------- ---------- --------- ---------- --------- ---------- ---------- ---------- ----------                                                                                                        
      7369 SMITH      CLERK           7902 17-DEC-80        800                    20                                                                                                                   
      7499 ALLEN      SALESMAN        7698 20-FEB-81       1600        300         30       1900                                                                                                        
      7521 WARD       SALESMAN        7698 22-FEB-81       1250        500         30       1750                                                                                                        
      7566 JONES      MANAGER         7839 02-APR-81       2975                    20                                                                                                                   
      7654 MARTIN     SALESMAN        7698 28-SEP-81       1250       1400         30       2650                                                                                                        
      7698 BLAKE      MANAGER         7839 01-MAY-81       2850                    30                                                                                                                   
      7782 CLARK      MANAGER         7839 09-JUN-81       2450                    10                                                                                                                   
      7788 SCOTT      ANALYST         7566 19-APR-87       3000                    20                                                                                                                   
      7839 KING       PRESIDENT            17-NOV-81       5000                    10                                                                                                                   
      7844 TURNER     SALESMAN        7698 08-SEP-81       1500          0         30       1500                                                                                                        
      7876 ADAMS      CLERK           7788 23-MAY-87       1100                    20                                                                                                                   
      7900 JAMES      CLERK           7698 03-DEC-81        950                    30                                                                                                                   
      7902 FORD       ANALYST         7566 03-DEC-81       3000                    20                                                                                                                   
      7934 MILLER     CLERK           7782 23-JAN-82       1300                    10                                                                                                                   

14 rows selected.

SQL> SELECT EMP.*,SAL*12
  2  FROM EMP;

     EMPNO ENAME      JOB              MGR HIREDATE         SAL       COMM     DEPTNO     SAL*12                                                                                                        
---------- ---------- --------- ---------- --------- ---------- ---------- ---------- ----------                                                                                                        
      7369 SMITH      CLERK           7902 17-DEC-80        800                    20       9600                                                                                                        
      7499 ALLEN      SALESMAN        7698 20-FEB-81       1600        300         30      19200                                                                                                        
      7521 WARD       SALESMAN        7698 22-FEB-81       1250        500         30      15000                                                                                                        
      7566 JONES      MANAGER         7839 02-APR-81       2975                    20      35700                                                                                                        
      7654 MARTIN     SALESMAN        7698 28-SEP-81       1250       1400         30      15000                                                                                                        
      7698 BLAKE      MANAGER         7839 01-MAY-81       2850                    30      34200                                                                                                        
      7782 CLARK      MANAGER         7839 09-JUN-81       2450                    10      29400                                                                                                        
      7788 SCOTT      ANALYST         7566 19-APR-87       3000                    20      36000                                                                                                        
      7839 KING       PRESIDENT            17-NOV-81       5000                    10      60000                                                                                                        
      7844 TURNER     SALESMAN        7698 08-SEP-81       1500          0         30      18000                                                                                                        
      7876 ADAMS      CLERK           7788 23-MAY-87       1100                    20      13200                                                                                                        
      7900 JAMES      CLERK           7698 03-DEC-81        950                    30      11400                                                                                                        
      7902 FORD       ANALYST         7566 03-DEC-81       3000                    20      36000                                                                                                        
      7934 MILLER     CLERK           7782 23-JAN-82       1300                    10      15600                                                                                                        

14 rows selected.

SQL> SELECT EMP.*,SAL-100
  2  FROM EMP;

     EMPNO ENAME      JOB              MGR HIREDATE         SAL       COMM     DEPTNO    SAL-100                                                                                                        
---------- ---------- --------- ---------- --------- ---------- ---------- ---------- ----------                                                                                                        
      7369 SMITH      CLERK           7902 17-DEC-80        800                    20        700                                                                                                        
      7499 ALLEN      SALESMAN        7698 20-FEB-81       1600        300         30       1500                                                                                                        
      7521 WARD       SALESMAN        7698 22-FEB-81       1250        500         30       1150                                                                                                        
      7566 JONES      MANAGER         7839 02-APR-81       2975                    20       2875                                                                                                        
      7654 MARTIN     SALESMAN        7698 28-SEP-81       1250       1400         30       1150                                                                                                        
      7698 BLAKE      MANAGER         7839 01-MAY-81       2850                    30       2750                                                                                                        
      7782 CLARK      MANAGER         7839 09-JUN-81       2450                    10       2350                                                                                                        
      7788 SCOTT      ANALYST         7566 19-APR-87       3000                    20       2900                                                                                                        
      7839 KING       PRESIDENT            17-NOV-81       5000                    10       4900                                                                                                        
      7844 TURNER     SALESMAN        7698 08-SEP-81       1500          0         30       1400                                                                                                        
      7876 ADAMS      CLERK           7788 23-MAY-87       1100                    20       1000                                                                                                        
      7900 JAMES      CLERK           7698 03-DEC-81        950                    30        850                                                                                                        
      7902 FORD       ANALYST         7566 03-DEC-81       3000                    20       2900                                                                                                        
      7934 MILLER     CLERK           7782 23-JAN-82       1300                    10       1200                                                                                                        

14 rows selected.

SQL> SPOOL OFF
