SQL> CONN SCOTT/TIGER;
Connected.
SQL> --WAQTD ALL DETAILS OF EMPLOYEE TABLE--
SQL> SET PAGE 200;
SP2-0158: unknown SET option "PAGE"
SQL> SET LINES 200;
SQL> SELECT *
  2  FROM EMP;

     EMPNO ENAME      JOB              MGR HIREDATE         SAL       COMM     DEPTNO                                                                                                                   
---------- ---------- --------- ---------- --------- ---------- ---------- ----------                                                                                                                   
      7369 SMITH      CLERK           7902 17-DEC-80        800                    20                                                                                                                   
      7499 ALLEN      SALESMAN        7698 20-FEB-81       1600        300         30                                                                                                                   
      7521 WARD       SALESMAN        7698 22-FEB-81       1250        500         30                                                                                                                   
      7566 JONES      MANAGER         7839 02-APR-81       2975                    20                                                                                                                   
      7654 MARTIN     SALESMAN        7698 28-SEP-81       1250       1400         30                                                                                                                   
      7698 BLAKE      MANAGER         7839 01-MAY-81       2850                    30                                                                                                                   
      7782 CLARK      MANAGER         7839 09-JUN-81       2450                    10                                                                                                                   
      7788 SCOTT      ANALYST         7566 19-APR-87       3000                    20                                                                                                                   
      7839 KING       PRESIDENT            17-NOV-81       5000                    10                                                                                                                   
      7844 TURNER     SALESMAN        7698 08-SEP-81       1500          0         30                                                                                                                   
      7876 ADAMS      CLERK           7788 23-MAY-87       1100                    20                                                                                                                   
      7900 JAMES      CLERK           7698 03-DEC-81        950                    30                                                                                                                   
      7902 FORD       ANALYST         7566 03-DEC-81       3000                    20                                                                                                                   
      7934 MILLER     CLERK           7782 23-JAN-82       1300                    10                                                                                                                   

14 rows selected.

SQL> --WAQTD NAME AND SALARY GIVEN TO ALL THE EMPLOYEE--
SQL> SELECT ENAME, SAL
  2  FROM EMP;

ENAME             SAL                                                                                                                                                                                   
---------- ----------                                                                                                                                                                                   
SMITH             800                                                                                                                                                                                   
ALLEN            1600                                                                                                                                                                                   
WARD             1250                                                                                                                                                                                   
JONES            2975                                                                                                                                                                                   
MARTIN           1250                                                                                                                                                                                   
BLAKE            2850                                                                                                                                                                                   
CLARK            2450                                                                                                                                                                                   
SCOTT            3000                                                                                                                                                                                   
KING             5000                                                                                                                                                                                   
TURNER           1500                                                                                                                                                                                   
ADAMS            1100                                                                                                                                                                                   
JAMES             950                                                                                                                                                                                   
FORD             3000                                                                                                                                                                                   
MILLER           1300                                                                                                                                                                                   

14 rows selected.

SQL> --WAQTD NAMES OF ALL THE EMPLOYEE--
SQL> SELECT NAME
  2  FROM EMP;
SELECT NAME
       *
ERROR at line 1:
ORA-00904: "NAME": invalid identifier 


SQL> EDIT
Wrote file afiedt.buf

  1  SELECT NAME
  2* FROM EMP;
SQL> \
SP2-0042: unknown command "\" - rest of line ignored.
SQL> /
FROM EMP;
        *
ERROR at line 2:
ORA-00911: invalid character 


SQL> SELECT NAME
  2  FROM EMP;
SELECT NAME
       *
ERROR at line 1:
ORA-00904: "NAME": invalid identifier 


SQL> EDIT
Wrote file afiedt.buf

  1  SELECT ENAME
  2* FROM EMP
SQL> /

ENAME                                                                                                                                                                                                   
----------                                                                                                                                                                                              
SMITH                                                                                                                                                                                                   
ALLEN                                                                                                                                                                                                   
WARD                                                                                                                                                                                                    
JONES                                                                                                                                                                                                   
MARTIN                                                                                                                                                                                                  
BLAKE                                                                                                                                                                                                   
CLARK                                                                                                                                                                                                   
SCOTT                                                                                                                                                                                                   
KING                                                                                                                                                                                                    
TURNER                                                                                                                                                                                                  
ADAMS                                                                                                                                                                                                   
JAMES                                                                                                                                                                                                   
FORD                                                                                                                                                                                                    
MILLER                                                                                                                                                                                                  

14 rows selected.

SQL> --WAQTD NAME AND COMISSION GIVEN TO ALL EMPLOYEES--
SQL> SELECT ENAMR, COMM
  2  FROM EMP;
SELECT ENAMR, COMM
       *
ERROR at line 1:
ORA-00904: "ENAMR": invalid identifier 


SQL> EDIT
Wrote file afiedt.buf

  1  SELECT ENAME, COMM
  2* FROM EMP
SQL> /

ENAME            COMM                                                                                                                                                                                   
---------- ----------                                                                                                                                                                                   
SMITH                                                                                                                                                                                                   
ALLEN             300                                                                                                                                                                                   
WARD              500                                                                                                                                                                                   
JONES                                                                                                                                                                                                   
MARTIN           1400                                                                                                                                                                                   
BLAKE                                                                                                                                                                                                   
CLARK                                                                                                                                                                                                   
SCOTT                                                                                                                                                                                                   
KING                                                                                                                                                                                                    
TURNER              0                                                                                                                                                                                   
ADAMS                                                                                                                                                                                                   
JAMES                                                                                                                                                                                                   
FORD                                                                                                                                                                                                    
MILLER                                                                                                                                                                                                  

14 rows selected.

SQL> --WAQTD EMPLOYEE ID AND DEPARTMENT NUMBER OF ALL THE EMPLOYEE--
SQL> SELECT EMPNO, DEPTNO
  2  FROM EMP;

     EMPNO     DEPTNO                                                                                                                                                                                   
---------- ----------                                                                                                                                                                                   
      7369         20                                                                                                                                                                                   
      7499         30                                                                                                                                                                                   
      7521         30                                                                                                                                                                                   
      7566         20                                                                                                                                                                                   
      7654         30                                                                                                                                                                                   
      7698         30                                                                                                                                                                                   
      7782         10                                                                                                                                                                                   
      7788         20                                                                                                                                                                                   
      7839         10                                                                                                                                                                                   
      7844         30                                                                                                                                                                                   
      7876         20                                                                                                                                                                                   
      7900         30                                                                                                                                                                                   
      7902         20                                                                                                                                                                                   
      7934         10                                                                                                                                                                                   

14 rows selected.

SQL> --WAQTD NAME AND HIRE DATE OF ALL THE EMPLOYEE--
SQL> SELECT ENAME, HIREDATE
  2  FROM EMP;

ENAME      HIREDATE                                                                                                                                                                                     
---------- ---------                                                                                                                                                                                    
SMITH      17-DEC-80                                                                                                                                                                                    
ALLEN      20-FEB-81                                                                                                                                                                                    
WARD       22-FEB-81                                                                                                                                                                                    
JONES      02-APR-81                                                                                                                                                                                    
MARTIN     28-SEP-81                                                                                                                                                                                    
BLAKE      01-MAY-81                                                                                                                                                                                    
CLARK      09-JUN-81                                                                                                                                                                                    
SCOTT      19-APR-87                                                                                                                                                                                    
KING       17-NOV-81                                                                                                                                                                                    
TURNER     08-SEP-81                                                                                                                                                                                    
ADAMS      23-MAY-87                                                                                                                                                                                    
JAMES      03-DEC-81                                                                                                                                                                                    
FORD       03-DEC-81                                                                                                                                                                                    
MILLER     23-JAN-82                                                                                                                                                                                    

14 rows selected.

SQL> --WAQTD NAME AND DESIGNATION OF ALL THE EMPLOYEE--
SQL> SELECT ENAME, JOB
  2  FROM EMP;

ENAME      JOB                                                                                                                                                                                          
---------- ---------                                                                                                                                                                                    
SMITH      CLERK                                                                                                                                                                                        
ALLEN      SALESMAN                                                                                                                                                                                     
WARD       SALESMAN                                                                                                                                                                                     
JONES      MANAGER                                                                                                                                                                                      
MARTIN     SALESMAN                                                                                                                                                                                     
BLAKE      MANAGER                                                                                                                                                                                      
CLARK      MANAGER                                                                                                                                                                                      
SCOTT      ANALYST                                                                                                                                                                                      
KING       PRESIDENT                                                                                                                                                                                    
TURNER     SALESMAN                                                                                                                                                                                     
ADAMS      CLERK                                                                                                                                                                                        
JAMES      CLERK                                                                                                                                                                                        
FORD       ANALYST                                                                                                                                                                                      
MILLER     CLERK                                                                                                                                                                                        

14 rows selected.

SQL> --WAQTD NAME,JOB AND SALARY OF ALL THE EMPLOYEE--
SQL> SELECT ENAME,JOB,SAL
  2  FROM EMP;

ENAME      JOB              SAL                                                                                                                                                                         
---------- --------- ----------                                                                                                                                                                         
SMITH      CLERK            800                                                                                                                                                                         
ALLEN      SALESMAN        1600                                                                                                                                                                         
WARD       SALESMAN        1250                                                                                                                                                                         
JONES      MANAGER         2975                                                                                                                                                                         
MARTIN     SALESMAN        1250                                                                                                                                                                         
BLAKE      MANAGER         2850                                                                                                                                                                         
CLARK      MANAGER         2450                                                                                                                                                                         
SCOTT      ANALYST         3000                                                                                                                                                                         
KING       PRESIDENT       5000                                                                                                                                                                         
TURNER     SALESMAN        1500                                                                                                                                                                         
ADAMS      CLERK           1100                                                                                                                                                                         
JAMES      CLERK            950                                                                                                                                                                         
FORD       ANALYST         3000                                                                                                                                                                         
MILLER     CLERK           1300                                                                                                                                                                         

14 rows selected.

SQL> --WAQTD DNAME PRESENT IN DEPARTMENT TABLE--
SQL> SET PAGE 200;
SP2-0158: unknown SET option "PAGE"
SQL> SET LINE 200;
SQL> SELECT *
  2  FROM DEPT;

    DEPTNO DNAME          LOC                                                                                                                                                                           
---------- -------------- -------------                                                                                                                                                                 
        10 ACCOUNTING     NEW YORK                                                                                                                                                                      
        20 RESEARCH       DALLAS                                                                                                                                                                        
        30 SALES          CHICAGO                                                                                                                                                                       
        40 OPERATIONS     BOSTON                                                                                                                                                                        

SQL> --WAQTD DNAME FROM DEPARTMENT TABLE--
SQL> SELECT DNAME
  2  FROM DEPT;

DNAME                                                                                                                                                                                                   
--------------                                                                                                                                                                                          
ACCOUNTING                                                                                                                                                                                              
RESEARCH                                                                                                                                                                                                
SALES                                                                                                                                                                                                   
OPERATIONS                                                                                                                                                                                              

SQL> --WAQTD DNAME AND LOCATION IN DEPARTMENT TABLE--
SQL> SELECT DNAME, LOC
  2  FROM DEPT;

DNAME          LOC                                                                                                                                                                                      
-------------- -------------                                                                                                                                                                            
ACCOUNTING     NEW YORK                                                                                                                                                                                 
RESEARCH       DALLAS                                                                                                                                                                                   
SALES          CHICAGO                                                                                                                                                                                  
OPERATIONS     BOSTON                                                                                                                                                                                   

SQL> SPOOL OFF;
